\BOOKMARK [1][-]{section.1}{\376\377\137\025\212\000}{}% 1
\BOOKMARK [1][-]{section.2}{\376\377\166\370\121\163\135\345\117\134}{}% 2
\BOOKMARK [2][-]{subsection.2.1}{\376\377\133\371\171\360\154\140\123\026\116\016\136\246\221\317\220\273\127\337}{section.2}% 3
\BOOKMARK [2][-]{subsection.2.2}{\376\377\127\372\116\216\133\146\116\140\116\055\137\303\166\204\126\372\133\232\134\072\133\370\144\130\211\201}{section.2}% 4
\BOOKMARK [2][-]{subsection.2.3}{\376\377\133\371\126\372\133\232\226\220\123\330\221\317\226\306\124\010\166\204\154\350\141\017\122\233}{section.2}% 5
\BOOKMARK [2][-]{subsection.2.4}{\376\377\147\011\165\114\166\204\137\252\163\257\162\266\140\001}{section.2}% 6
\BOOKMARK [2][-]{subsection.2.5}{\376\377\147\054\147\266\147\204\142\322\176\335\120\132\166\204\116\213}{section.2}% 7
\BOOKMARK [1][-]{section.3}{\376\377\145\271\154\325}{}% 8
\BOOKMARK [2][-]{subsection.3.1}{\376\377\123\357\122\240\162\266\140\001\166\204\147\204\220\040}{section.3}% 9
\BOOKMARK [2][-]{subsection.3.2}{\376\377\116\373\122\241\213\373\121\372}{section.3}% 10
\BOOKMARK [2][-]{subsection.3.3}{\376\377\155\101\137\017\140\047\215\050}{section.3}% 11
\BOOKMARK [1][-]{section.4}{\376\377\133\236\232\214}{}% 12
\BOOKMARK [2][-]{subsection.4.1}{\376\377\123\117\213\256\116\016\174\276\136\246}{section.4}% 13
\BOOKMARK [2][-]{subsection.4.2}{\376\377\136\166\210\114\162\266\140\001\116\016\123\125\116\000\162\266\140\001}{section.4}% 14
\BOOKMARK [2][-]{subsection.4.3}{\376\377\123\357\122\240\140\047\116\016\146\364\145\260\116\343\116\367}{section.4}% 15
\BOOKMARK [2][-]{subsection.4.4}{\376\377\162\266\140\001\116\343\145\160\166\204\133\236\226\105\232\214\213\301}{section.4}% 16
\BOOKMARK [2][-]{subsection.4.5}{\376\377\147\000\176\310\213\373\121\372\131\064\166\204\123\327\143\247\173\133\220\011}{section.4}% 17
\BOOKMARK [1][-]{section.5}{\376\377\213\250\213\272\116\016\134\100\226\120}{}% 18
\BOOKMARK [2][-]{subsection.5.1}{\376\377\122\006\136\003\137\017\143\250\164\006\171\072\117\213}{section.5}% 19
\BOOKMARK [2][-]{subsection.5.2}{\376\377\210\150\171\072\166\204\226\120\122\066\127\050\124\352\221\314}{section.5}% 20
\BOOKMARK [1][-]{section.6}{\376\377\176\323\213\272}{}% 21
